// Jest Snapshot v1, https://goo.gl/fbAQLP

exports[`Render App 1`] = `
Object {
  "asFragment": [Function],
  "baseElement": <body>
    <div>
      <nav
        class="navbar"
      >
        <ul
          class="navbar-nav"
        >
          <li
            class="nav-item"
          >
            <a
              class="nav-link"
              href="/"
            >
              Home
            </a>
          </li>
          <li
            class="nav-item"
          >
            <a
              class="nav-link"
              href="/leaderboard"
            >
              Leaderboard
            </a>
          </li>
          <li
            class="nav-item"
          >
            <a
              class="nav-link"
              href="/add"
            >
              Create New Poll
            </a>
          </li>
        </ul>
      </nav>
      <form
        data-testid="form"
      >
        <h1>
          Login
        </h1>
        <div
          class="login-image"
        >
          <img
            alt="User Avatar"
            src="/images/login_image.jpg"
            style="max-width: 100%; margin-bottom: 10px;"
          />
          <br />
        </div>
        <div>
          <label
            for="username"
            required=""
          >
            Username
          </label>
          <input
            data-testid="username"
            id="username"
            name="username"
            placeholder="Your Username"
            required=""
            type="text"
          />
        </div>
        <div>
          <label
            for="password"
            required=""
          >
            Password
          </label>
          <input
            data-testid="password"
            id="password"
            name="password"
            placeholder="Your Password"
            required=""
            type="password"
          />
        </div>
        <br />
        <button
          data-testid="submit-button"
          id="submit-button"
          type="submit"
        >
          Submit
        </button>
      </form>
    </div>
  </body>,
  "container": <div>
    <nav
      class="navbar"
    >
      <ul
        class="navbar-nav"
      >
        <li
          class="nav-item"
        >
          <a
            class="nav-link"
            href="/"
          >
            Home
          </a>
        </li>
        <li
          class="nav-item"
        >
          <a
            class="nav-link"
            href="/leaderboard"
          >
            Leaderboard
          </a>
        </li>
        <li
          class="nav-item"
        >
          <a
            class="nav-link"
            href="/add"
          >
            Create New Poll
          </a>
        </li>
      </ul>
    </nav>
    <form
      data-testid="form"
    >
      <h1>
        Login
      </h1>
      <div
        class="login-image"
      >
        <img
          alt="User Avatar"
          src="/images/login_image.jpg"
          style="max-width: 100%; margin-bottom: 10px;"
        />
        <br />
      </div>
      <div>
        <label
          for="username"
          required=""
        >
          Username
        </label>
        <input
          data-testid="username"
          id="username"
          name="username"
          placeholder="Your Username"
          required=""
          type="text"
        />
      </div>
      <div>
        <label
          for="password"
          required=""
        >
          Password
        </label>
        <input
          data-testid="password"
          id="password"
          name="password"
          placeholder="Your Password"
          required=""
          type="password"
        />
      </div>
      <br />
      <button
        data-testid="submit-button"
        id="submit-button"
        type="submit"
      >
        Submit
      </button>
    </form>
  </div>,
  "debug": [Function],
  "findAllByAltText": [Function],
  "findAllByDisplayValue": [Function],
  "findAllByLabelText": [Function],
  "findAllByPlaceholderText": [Function],
  "findAllByRole": [Function],
  "findAllByTestId": [Function],
  "findAllByText": [Function],
  "findAllByTitle": [Function],
  "findByAltText": [Function],
  "findByDisplayValue": [Function],
  "findByLabelText": [Function],
  "findByPlaceholderText": [Function],
  "findByRole": [Function],
  "findByTestId": [Function],
  "findByText": [Function],
  "findByTitle": [Function],
  "getAllByAltText": [Function],
  "getAllByDisplayValue": [Function],
  "getAllByLabelText": [Function],
  "getAllByPlaceholderText": [Function],
  "getAllByRole": [Function],
  "getAllByTestId": [Function],
  "getAllByText": [Function],
  "getAllByTitle": [Function],
  "getByAltText": [Function],
  "getByDisplayValue": [Function],
  "getByLabelText": [Function],
  "getByPlaceholderText": [Function],
  "getByRole": [Function],
  "getByTestId": [Function],
  "getByText": [Function],
  "getByTitle": [Function],
  "queryAllByAltText": [Function],
  "queryAllByDisplayValue": [Function],
  "queryAllByLabelText": [Function],
  "queryAllByPlaceholderText": [Function],
  "queryAllByRole": [Function],
  "queryAllByTestId": [Function],
  "queryAllByText": [Function],
  "queryAllByTitle": [Function],
  "queryByAltText": [Function],
  "queryByDisplayValue": [Function],
  "queryByLabelText": [Function],
  "queryByPlaceholderText": [Function],
  "queryByRole": [Function],
  "queryByTestId": [Function],
  "queryByText": [Function],
  "queryByTitle": [Function],
  "rerender": [Function],
  "unmount": [Function],
}
`;
